// Jest Snapshot v1, https://goo.gl/fbAQLP

exports[`Header renders component 1`] = `
<body>
  <div />
</body>
`;
