// Jest Snapshot v1, https://goo.gl/fbAQLP

exports[`Avatar renders component 1`] = `
<body>
  <div>
    <img
      alt=""
      class="avatar"
      data-nimg="future"
      decoding="async"
      height="100"
      loading="lazy"
      src="/_next/image?url=https%3A%2F%2Fimage.url&w=256&q=75"
      srcset="/_next/image?url=https%3A%2F%2Fimage.url&w=128&q=75 1x, /_next/image?url=https%3A%2F%2Fimage.url&w=256&q=75 2x"
      style="color: transparent;"
      width="100"
    />
  </div>
</body>
`;
