// Jest Snapshot v1, https://goo.gl/fbAQLP

exports[`Banner renders component 1`] = `
<body>
  <div>
    <div
      class="banner"
    >
      <img
        alt=""
        data-nimg="future"
        decoding="async"
        height="768"
        loading="lazy"
        src="/_next/image?url=https%3A%2F%2Fimage.url&w=2048&q=75"
        srcset="/_next/image?url=https%3A%2F%2Fimage.url&w=1080&q=75 1x, /_next/image?url=https%3A%2F%2Fimage.url&w=2048&q=75 2x"
        style="color: transparent;"
        width="1024"
      />
    </div>
  </div>
</body>
`;
